BL51 BANKED LINKER/LOCATER V6.22                                                        12/09/2018  17:45:21  PAGE 1


BL51 BANKED LINKER/LOCATER V6.22, INVOKED BY:
C:\KEIL_V5_ALT\C51\BIN\BL51.EXE .\Objects\LCD_test00.obj TO .\Objects\test PRINT (.\Listings\test.m51) RAMSIZE (256)


MEMORY MODEL: COMPACT


INPUT MODULES INCLUDED:
  .\Objects\LCD_test00.obj (LCD_TEST00)
  C:\KEIL_V5_ALT\C51\LIB\C51C.LIB (?C_STARTUP)
  C:\KEIL_V5_ALT\C51\LIB\C51C.LIB (?C?CLDOPTR)
  C:\KEIL_V5_ALT\C51\LIB\C51C.LIB (?C?CSTOPTR)
  C:\KEIL_V5_ALT\C51\LIB\C51C.LIB (?C_INIT)


LINK MAP OF MODULE:  .\Objects\test (LCD_TEST00)


            TYPE    BASE      LENGTH    RELOCATION   SEGMENT NAME
            -----------------------------------------------------

            * * * * * * *   D A T A   M E M O R Y   * * * * * * *
            REG     0000H     0008H     ABSOLUTE     "REG BANK 0"
                    0008H     0018H                  *** GAP ***
            BIT     0020H.0   0000H.1   UNIT         ?BI?LCD_TEST00
                    0020H.1   0000H.7                *** GAP ***
            IDATA   0021H     0001H     UNIT         ?STACK

            * * * * * * *  X D A T A   M E M O R Y  * * * * * * *
            XDATA   0000H     0008H     INPAGE       ?PD?_LCD_PLACE?LCD_TEST00
            XDATA   0008H     0008H     INPAGE       ?PD?_STRING_PLACE?LCD_TEST00
            XDATA   0010H     0069H     INPAGE       ?PD?LCD_TEST00
            XDATA   0079H     0004H     INPAGE       _PDATA_GROUP_

            * * * * * * *   C O D E   M E M O R Y   * * * * * * *
            CODE    0000H     0003H     ABSOLUTE     
                    0003H     0008H                  *** GAP ***
            CODE    000BH     0003H     ABSOLUTE     
                    000EH     07F2H                  *** GAP ***
            CODE    0800H     0093H     UNIT         ?PR?MAIN?LCD_TEST00
            CODE    0893H     008CH     UNIT         ?C_C51STARTUP
            CODE    091FH     0081H     UNIT         ?C_INITSEG
            CODE    09A0H     005DH     UNIT         ?PR?_LCD_SEND?LCD_TEST00
            CODE    09FDH     004FH     UNIT         ?PR?_LCD_PLACE?LCD_TEST00
            CODE    0A4CH     004FH     UNIT         ?PR?_STRING_PLACE?LCD_TEST00
            CODE    0A9BH     004FH     UNIT         ?C?LIB_CODE
            CODE    0AEAH     0043H     UNIT         ?PR?TIMER0?LCD_TEST00
            CODE    0B2DH     003EH     UNIT         ?CO?LCD_TEST00
            CODE    0B6BH     0035H     UNIT         ?PR?_LCD_STRING?LCD_TEST00
            CODE    0BA0H     0025H     UNIT         ?PR?LCD_INIT?LCD_TEST00
            CODE    0BC5H     0019H     UNIT         ?PR?_WAIT_500U?LCD_TEST00
            CODE    0BDEH     0007H     UNIT         ?PR?_LCD_SEND_B?LCD_TEST00
            CODE    0BE5H     0007H     UNIT         ?PR?_LCD_SEND_D?LCD_TEST00



OVERLAY MAP OF MODULE:   .\Objects\test (LCD_TEST00)

BL51 BANKED LINKER/LOCATER V6.22                                                      12/09/2018  17:45:21  PAGE 2



SEGMENT                                PDATA_GROUP
  +--> CALLED SEGMENT                START    LENGTH
----------------------------------------------------
?C_C51STARTUP                        -----    -----
  +--> ?PR?MAIN?LCD_TEST00
  +--> ?C_INITSEG

?PR?MAIN?LCD_TEST00                  -----    -----
  +--> ?PR?LCD_INIT?LCD_TEST00
  +--> ?PR?_LCD_SEND_B?LCD_TEST00
  +--> ?CO?LCD_TEST00
  +--> ?PR?_LCD_STRING?LCD_TEST00

?PR?LCD_INIT?LCD_TEST00              -----    -----
  +--> ?PR?_WAIT_500U?LCD_TEST00
  +--> ?PR?_LCD_SEND_B?LCD_TEST00

?PR?_LCD_SEND_B?LCD_TEST00           -----    -----
  +--> ?PR?_LCD_SEND?LCD_TEST00

?PR?_LCD_STRING?LCD_TEST00           0079H    0004H
  +--> ?PR?_LCD_SEND_D?LCD_TEST00

?PR?_LCD_SEND_D?LCD_TEST00           -----    -----
  +--> ?PR?_LCD_SEND?LCD_TEST00



SYMBOL TABLE OF MODULE:  .\Objects\test (LCD_TEST00)

  VALUE           TYPE          NAME
  ----------------------------------

  -------         MODULE        LCD_TEST00
  C:0000H         SYMBOL        _ICE_DUMMY_
  D:0080H         PUBLIC        P0
  D:0090H         PUBLIC        P1
  D:00A0H         PUBLIC        P2
  D:00B0H         PUBLIC        P3
  C:0A4CH         PUBLIC        _string_place
  D:00C0H         PUBLIC        P4
  B:00B0H.0       PUBLIC        T1
  B:00B0H.1       PUBLIC        T2
  B:00A8H.7       PUBLIC        EA
  B:00B0H.2       PUBLIC        T3
  B:00B0H.3       PUBLIC        T4
  D:00A8H         PUBLIC        IEN0
  X:0010H         PUBLIC        Timer_count
  X:0012H         PUBLIC        Zahl
  X:0013H         PUBLIC        Temp_BW
  X:0016H         PUBLIC        Text_Z1
  X:0018H         PUBLIC        Text_Z2
  D:00B8H         PUBLIC        IPL0
  C:09FDH         PUBLIC        _lcd_place
  X:001AH         PUBLIC        Temp_Vorl
  C:0BDEH         PUBLIC        _LCD_send_b
BL51 BANKED LINKER/LOCATER V6.22                                                      12/09/2018  17:45:21  PAGE 3


  C:0BC5H         PUBLIC        _wait_500u
  D:00D8H         PUBLIC        CCON
  C:0BE5H         PUBLIC        _LCD_send_d
  B:0090H.0       PUBLIC        RS
  C:0800H         PUBLIC        main
  B:0090H.1       PUBLIC        RW
  B:0090H.4       PUBLIC        LCD_D4
  B:0090H.5       PUBLIC        LCD_D5
  B:0090H.6       PUBLIC        LCD_D6
  B:0090H.7       PUBLIC        LCD_D7
  D:0098H         PUBLIC        SCON
  D:0089H         PUBLIC        TMOD
  D:0088H         PUBLIC        TCON
  X:001DH         PUBLIC        Temp_Hz
  B:0020H.0       PUBLIC        test
  B:0090H.2       PUBLIC        E
  B:00A8H.1       PUBLIC        ET0
  D:008CH         PUBLIC        TH0
  D:008DH         PUBLIC        TH1
  C:0B71H         PUBLIC        _LCD_string
  X:0020H         PUBLIC        Sekunde
  C:0AEAH         PUBLIC        timer0
  B:0088H.4       PUBLIC        TR0
  D:00F8H         PUBLIC        UEPINT
  D:0090H         PUBLIC        LCD_Port
  C:09A0H         PUBLIC        _LCD_send
  X:0021H         PUBLIC        T_Zeile1
  X:004AH         PUBLIC        T_Zeile2
  D:00C8H         PUBLIC        T2CON
  C:0BA0H         PUBLIC        LCD_init
  X:0073H         PUBLIC        Minute
  X:0076H         PUBLIC        Stunde
  -------         PROC          MAIN
  C:0800H         LINE#         69
  C:0800H         LINE#         70
  C:0800H         LINE#         71
  C:0803H         LINE#         72
  C:0805H         LINE#         73
  C:0807H         LINE#         74
  C:080AH         LINE#         75
  C:080DH         LINE#         77
  C:080FH         LINE#         79
  C:0811H         LINE#         80
  C:0814H         LINE#         86
  C:0819H         LINE#         87
  C:081EH         LINE#         89
  C:0827H         LINE#         90
  C:0830H         LINE#         91
  C:0835H         LINE#         92
  C:0838H         LINE#         93
  C:0841H         LINE#         94
  C:084AH         LINE#         96
  C:084AH         LINE#         97
  C:084AH         LINE#         100
  C:084DH         LINE#         101
  C:0852H         LINE#         102
  C:085BH         LINE#         103
BL51 BANKED LINKER/LOCATER V6.22                                                      12/09/2018  17:45:21  PAGE 4


  C:0863H         LINE#         104
  C:0866H         LINE#         105
  C:086BH         LINE#         106
  C:086EH         LINE#         107
  C:0877H         LINE#         108
  C:0880H         LINE#         109
  C:0883H         LINE#         110
  C:0888H         LINE#         111
  C:0891H         LINE#         112
  C:0891H         LINE#         144
  -------         ENDPROC       MAIN
  -------         PROC          _WAIT_500U
  D:0006H         SYMBOL        k
  -------         DO            
  D:0003H         SYMBOL        j
  D:0004H         SYMBOL        l
  -------         ENDDO         
  C:0BC5H         LINE#         150
  C:0BC5H         LINE#         151
  C:0BC5H         LINE#         153
  C:0BCFH         LINE#         154
  C:0BD1H         LINE#         155
  -------         ENDPROC       _WAIT_500U
  -------         PROC          LCD_INIT
  C:0BA0H         LINE#         156
  C:0BA0H         LINE#         157
  C:0BA7H         LINE#         158
  C:0BA9H         LINE#         159
  C:0BABH         LINE#         160
  C:0BADH         LINE#         161
  C:0BB2H         LINE#         162
  C:0BB4H         LINE#         163
  C:0BB6H         LINE#         164
  C:0BBBH         LINE#         165
  C:0BC0H         LINE#         166
  -------         ENDPROC       LCD_INIT
  -------         PROC          _LCD_SEND_B
  D:0007H         SYMBOL        Data
  C:0BDEH         LINE#         168
  C:0BDEH         LINE#         169
  C:0BE0H         LINE#         170
  C:0BE2H         LINE#         171
  -------         ENDPROC       _LCD_SEND_B
  -------         PROC          _LCD_SEND_D
  D:0007H         SYMBOL        Data
  C:0BE5H         LINE#         172
  C:0BE5H         LINE#         173
  C:0BE7H         LINE#         174
  C:0BE9H         LINE#         175
  -------         ENDPROC       _LCD_SEND_D
  -------         PROC          _LCD_SEND
  D:0007H         SYMBOL        Data
  -------         DO            
  D:0006H         SYMBOL        busy
  -------         ENDDO         
  C:09A0H         LINE#         176
  C:09A0H         LINE#         177
BL51 BANKED LINKER/LOCATER V6.22                                                      12/09/2018  17:45:21  PAGE 5


  C:09A2H         LINE#         178
  C:09A6H         LINE#         179
  C:09AAH         LINE#         180
  C:09ADH         LINE#         181
  C:09B1H         LINE#         182
  C:09B4H         LINE#         183
  C:09B8H         LINE#         184
  C:09BBH         LINE#         185
  C:09BFH         LINE#         186
  C:09C1H         LINE#         187
  C:09C3H         LINE#         188
  C:09C4H         LINE#         189
  C:09C6H         LINE#         190
  C:09C9H         LINE#         191
  C:09CDH         LINE#         192
  C:09D0H         LINE#         193
  C:09D4H         LINE#         194
  C:09D7H         LINE#         195
  C:09DAH         LINE#         196
  C:09DDH         LINE#         197
  C:09DDH         LINE#         198
  C:09DFH         LINE#         199
  C:09E0H         LINE#         200
  C:09E2H         LINE#         202
  C:09E4H         LINE#         203
  C:09E7H         LINE#         204
  C:09E9H         LINE#         205
  C:09EBH         LINE#         206
  C:09EDH         LINE#         207
  C:09F2H         LINE#         208
  C:09F4H         LINE#         209
  C:09F6H         LINE#         210
  C:09F8H         LINE#         211
  -------         ENDPROC       _LCD_SEND
  -------         PROC          L?0038
  -------         ENDPROC       L?0038
  -------         PROC          _LCD_STRING
  X:0079H         SYMBOL        Text
  -------         DO            
  X:007CH         SYMBOL        i
  -------         ENDDO         
  C:0B71H         LINE#         214
  C:0B7BH         LINE#         215
  C:0B7BH         LINE#         216
  C:0B95H         LINE#         217
  -------         ENDPROC       _LCD_STRING
  -------         PROC          _LCD_PLACE
  X:0000H         SYMBOL        Pos
  X:0001H         SYMBOL        text_in
  X:0004H         SYMBOL        text_out
  -------         DO            
  X:0007H         SYMBOL        i
  -------         ENDDO         
  C:09FDH         LINE#         222
  C:0A0AH         LINE#         223
  C:0A0AH         LINE#         224
  C:0A26H         LINE#         225
BL51 BANKED LINKER/LOCATER V6.22                                                      12/09/2018  17:45:21  PAGE 6


  -------         ENDPROC       _LCD_PLACE
  -------         PROC          _STRING_PLACE
  X:0008H         SYMBOL        Pos
  X:0009H         SYMBOL        text_in
  X:000CH         SYMBOL        text_out
  -------         DO            
  X:000FH         SYMBOL        i
  -------         ENDDO         
  C:0A4CH         LINE#         230
  C:0A59H         LINE#         231
  C:0A59H         LINE#         232
  C:0A75H         LINE#         233
  -------         ENDPROC       _STRING_PLACE
  -------         PROC          TIMER0
  C:0AEAH         LINE#         237
  C:0AF3H         LINE#         239
  C:0AF6H         LINE#         240
  C:0AF9H         LINE#         241
  C:0B04H         LINE#         242
  C:0B0CH         LINE#         243
  C:0B0CH         LINE#         244
  C:0B0FH         LINE#         245
  C:0B16H         LINE#         246
  C:0B1BH         LINE#         247
  C:0B1FH         LINE#         248
  C:0B22H         LINE#         249
  C:0B26H         LINE#         254
  -------         ENDPROC       TIMER0
  -------         ENDMOD        LCD_TEST00

  -------         MODULE        ?C?CLDOPTR
  C:0A9BH         PUBLIC        ?C?CLDOPTR
  -------         ENDMOD        ?C?CLDOPTR

  -------         MODULE        ?C?CSTOPTR
  C:0AC8H         PUBLIC        ?C?CSTOPTR
  -------         ENDMOD        ?C?CSTOPTR

*** WARNING L16: UNCALLED SEGMENT, IGNORED FOR OVERLAY PROCESS
    SEGMENT: ?PR?_LCD_PLACE?LCD_TEST00

*** WARNING L16: UNCALLED SEGMENT, IGNORED FOR OVERLAY PROCESS
    SEGMENT: ?PR?_STRING_PLACE?LCD_TEST00

******************************************************************************
* RESTRICTED VERSION WITH 0800H BYTE CODE SIZE LIMIT; USED: 0313H BYTE (38%) *
******************************************************************************

Program Size: data=9.1 xdata=125 code=1010
LINK/LOCATE RUN COMPLETE.  2 WARNING(S),  0 ERROR(S)
